error[E0277]: `()` doesn't implement `std::fmt::Display`
  --> $DIR/html-block-fail.rs:10:5
   |
10 | /     html! {
11 | |         <div>{ not_tree() }</div>
12 | |     }
   | |_____^ `()` cannot be formatted with the default formatter
   |
   = help: the trait `std::fmt::Display` is not implemented for `()`
   = note: in format strings you may be able to use `{:?}` (or {:#?} for pretty-print) instead
   = note: required because of the requirements on the impl of `std::string::ToString` for `()`
   = note: required because of the requirements on the impl of `std::convert::From<()>` for `yew::virtual_dom::vnode::VNode<_>`
   = note: required by `std::convert::From::from`
   = note: this error originates in a macro outside of the current crate (in Nightly builds, run with -Z external-macro-backtrace for more info)

error[E0277]: `()` doesn't implement `std::fmt::Display`
  --> $DIR/html-block-fail.rs:18:5
   |
18 | /     html! {
19 | |         <>{ for (0..3).map(|_| not_tree()) }</>
20 | |     }
   | |_____^ `()` cannot be formatted with the default formatter
   |
   = help: the trait `std::fmt::Display` is not implemented for `()`
   = note: in format strings you may be able to use `{:?}` (or {:#?} for pretty-print) instead
   = note: required because of the requirements on the impl of `std::string::ToString` for `()`
   = note: required because of the requirements on the impl of `std::convert::From<()>` for `yew::virtual_dom::vnode::VNode<_>`
   = note: required by `std::convert::From::from`
   = note: this error originates in a macro outside of the current crate (in Nightly builds, run with -Z external-macro-backtrace for more info)

error[E0277]: `()` doesn't implement `std::fmt::Display`
 --> $DIR/html-block-fail.rs:3:1
  |
3 | / test_html! { |t1|
4 | |     { () }
5 | | }
  | |_^ `()` cannot be formatted with the default formatter
  |
  = help: the trait `std::fmt::Display` is not implemented for `()`
  = note: in format strings you may be able to use `{:?}` (or {:#?} for pretty-print) instead
  = note: required because of the requirements on the impl of `std::string::ToString` for `()`
  = note: required because of the requirements on the impl of `std::convert::From<()>` for `yew::virtual_dom::vnode::VNode<_>`
  = note: required by `std::convert::From::from`
  = note: this error originates in a macro outside of the current crate (in Nightly builds, run with -Z external-macro-backtrace for more info)

For more information about this error, try `rustc --explain E0277`.
